beryl@beryl:~/Desktop/asdf$ git branch vickybranch
beryl@beryl:~/Desktop/asdf$ git branch
* main
  vickybranch
beryl@beryl:~/Desktop/asdf$ git checkout vickybranch
Switched to branch 'vickybranch'
beryl@beryl:~/Desktop/asdf$ echo "this file is added to vickybranch" > test1.txtberyl@beryl:~/Desktop/asdf$ echo "another file added to vickybranch" > test2.txtberyl@beryl:~/Desktop/asdf$ ls
test1.txt  test2.txt  test.txt


beryl@beryl:~/Desktop/asdf$ git status
On branch vickybranch
Untracked files:
  (use "git add <file>..." to include in what will be committed)

	test1.txt
	test2.txt

nothing added to commit but untracked files present (use "git add" to track)
beryl@beryl:~/Desktop/asdf$ git add -A
beryl@beryl:~/Desktop/asdf$ git status
On branch vickybranch
Changes to be committed:
  (use "git reset HEAD <file>..." to unstage)

	new file:   test1.txt
	new file:   test2.txt


beryl@beryl:~/Desktop/asdf$ git commit -m"two test files added to  vickybranch"
[vickybranch 0a5ec7a] two test files added to  vickybranch
 2 files changed, 2 insertions(+)
 create mode 100644 test1.txt
 create mode 100644 test2.txt


beryl@beryl:~/Desktop/asdf$ git status
On branch vickybranch
nothing to commit, working tree clean


beryl@beryl:~/Desktop/asdf$ git push origin vickybranch

Username for 'https://github.com': vickyberylsystems
Password for 'https://vickyberylsystems@github.com': 
Counting objects: 4, done.
Delta compression using up to 4 threads.
Compressing objects: 100% (2/2), done.
Writing objects: 100% (4/4), 383 bytes | 383.00 KiB/s, done.
Total 4 (delta 0), reused 0 (delta 0)
remote: 
remote: Create a pull request for 'vickybranch' on GitHub by visiting:
remote:      https://github.com/vickyberylsystems/asdf/pull/new/vickybranch
remote: 
To https://github.com/vickyberylsystems/asdf.git
 * [new branch]      vickybranch -> vickybranch
beryl@beryl:~/Desktop/asdf$ 

