beryl@beryl:~/Desktop/asdf$ git status
On branch vickybranch
nothing to commit, working tree clean


beryl@beryl:~/Desktop/asdf$ git checkout -
Switched to branch 'main'
Your branch is up to date with 'origin/main'.


beryl@beryl:~/Desktop/asdf$ git status
On branch main
Your branch is up to date with 'origin/main'.

nothing to commit, working tree clean


beryl@beryl:~/Desktop/asdf$ git merge vickybranch
Updating f83b4cd..25d107d
Fast-forward
 branch.txt | 58 ++++++++++++++++++++++++++++++++++++++++++++++++++++++++++
 test1.txt  |  1 +
 test2.txt  |  1 +
 3 files changed, 60 insertions(+)
 create mode 100644 branch.txt
 create mode 100644 test1.txt
 create mode 100644 test2.txt


beryl@beryl:~/Desktop/asdf$ git push -u origin main

Username for 'https://github.com': vickyberylsystems
Password for 'https://vickyberylsystems@github.com': 
Total 0 (delta 0), reused 0 (delta 0)
To https://github.com/vickyberylsystems/asdf.git
   f83b4cd..25d107d  main -> main
Branch 'main' set up to track remote branch 'main' from 'origin'.

